
> backend@0.0.1 build
> nest build

npm : [96msrc/modules/orders/orders.service.ts[0m:[93m61[0m:[93m11[0m - 
[91merror[0m[90m TS2353: [0mObject literal may only specify known 
properties, and 'metadata' does not exist in type 'Without<OrderCreateInput, 
OrderUncheckedCreateInput> & OrderUncheckedCreateInput'.
At line:1 char:44
+ ... om (kpopick)\backend" ; npm run build 2>&1 > build_output.txt; Get-Co ...
+                             ~~~~~~~~~~~~~~~~~~~~~~~~~~~~~~~~~~~~~
    + CategoryInfo          : NotSpecified: ([96msrc/module...edCreateInput'. 
   :String) [], RemoteException
    + FullyQualifiedErrorId : NativeCommandError
 

[7m61[0m           metadata: JSON.stringify({
[7m  [0m [91m          ~~~~~~~~[0m

  [96mnode_modules/.prisma/client/index.d.ts[0m:[93m5880[0m:[93m5[0m
    [7m5880[0m     data: XOR<OrderCreateInput, OrderUncheckedCreateInput>
    [7m    [0m [96m    ~~~~[0m
    The expected type comes from property 'data' which is declared here on 
type '{ select?: OrderSelect<DefaultArgs> | null | undefined; omit?: 
OrderOmit<DefaultArgs> | null | undefined; include?: OrderInclude<DefaultArgs> 
| null | undefined; data: (Without<...> & OrderUncheckedCreateInput) | 
(Without<...> & OrderCreateInput); }'
[96msrc/modules/orders/orders.service.ts[0m:[93m105[0m:[93m13[0m - 
[91merror[0m[90m TS2353: [0mObject literal may only specify known 
properties, and 'metadata' does not exist in type '(Without<OrderUpdateInput, 
OrderUncheckedUpdateInput> & OrderUncheckedUpdateInput) | (Without<...> & 
OrderUpdateInput)'.

[7m105[0m             metadata: JSON.stringify(metadata),
[7m   [0m [91m            ~~~~~~~~[0m

  [96mnode_modules/.prisma/client/index.d.ts[0m:[93m5936[0m:[93m5[0m
    [7m5936[0m     data: XOR<OrderUpdateInput, OrderUncheckedUpdateInput>
    [7m    [0m [96m    ~~~~[0m
    The expected type comes from property 'data' which is declared here on 
type '{ select?: OrderSelect<DefaultArgs> | null | undefined; omit?: 
OrderOmit<DefaultArgs> | null | undefined; include?: OrderInclude<DefaultArgs> 
| null | undefined; data: (Without<...> & OrderUncheckedUpdateInput) | 
(Without<...> & OrderUpdateInput); where: OrderWhereUniqueInput; }'
[96msrc/modules/payment/payment.controller.ts[0m:[93m110[0m:[93m28[0m - 
[91merror[0m[90m TS2339: [0mProperty 'metadata' does not exist on type '{ 
createdAt: Date; updatedAt: Date; id: number; totalPrice: number; status: 
string; userId: number; }'.

[7m110[0m     const metadata = order.metadata ? JSON.parse(order.metadata) : 
{};
[7m   [0m [91m                           ~~~~~~~~[0m
[96msrc/modules/payment/payment.controller.ts[0m:[93m110[0m:[93m56[0m - 
[91merror[0m[90m TS2339: [0mProperty 'metadata' does not exist on type '{ 
createdAt: Date; updatedAt: Date; id: number; totalPrice: number; status: 
string; userId: number; }'.

[7m110[0m     const metadata = order.metadata ? JSON.parse(order.metadata) : 
{};
[7m   [0m [91m                                                       
~~~~~~~~[0m

Found 4 error(s).

